matache2026 -> ?
savic2022 -> ?
bogdal2023 -> ?
ndiaye2022b -> Philadelphia
molina2019 -> Oakland
herzog2012 -> Zürich
cressy2018 -> Oxford
matthews2018 -> ?
houghtonwalker2014 -> Oxford
nord2006 -> New York
charnondeutsch2004 -> University Park
flint2009 -> Princeton
smith2000 -> Oxford
deloria1998 -> New Haven
delafuente2020 -> Cambridge
hogarth2017 -> Chapel Hill
kendi2016 -> New York
weinstein1960 -> Minneapolis
memoircabot1831 -> Carey and Lea
columbus1893 -> Printed for the Hakluyt Society
mangas2024 -> ?
beretario1617 -> Coloniae Agrippinae
elvas1932 -> DeLand
martinezserna2009 -> Cambridge
schmidl1938 -> Sante Fe
actas1915 -> ?
monteiro2018 -> ?
herzog2003 -> New Haven
gomezalfaro1999 -> ?
gomezalfaro1993 -> ?
oreilly2003 -> Pisa
pym2007 -> Basingstoke
paucke1959 -> ?
radding1997 -> Durham
poisson1900 -> CONFLICT: Burrows / Burrows Bros. Co
berquinduvallon1803 -> De l'Imprimerie expéditive
stoler2002 -> Berkeley
milfort1802 -> De l'Imprimerie de Giguet et Michaud
relation1622 -> ?
mourt1865 -> ?
penn1912 -> C. Scribner's Sons
cunniffe2023 -> ?
loskiel1789 -> Barby
muhlenberg1945 -> ?
block2021 -> ?
tucker1803 -> ?
scott1815 -> Printed by J. Ballantyne and co. for Longman, Hurst, Rees, O
hofland1830 -> ?
trumpener1997 -> Princeton
clinton1849 -> Baker and Scribner
pratt1992 -> London
morgan2004 -> Philadelphia
lambert1813 -> Printed for C. Cradock and W. Joy
vowell1831 -> ?
vigne1833 -> Published by Thomas T. Ash
robinson2021 -> Cambridge
56 fields; resolved 37
